2025-09-09 00:50:15,844 - __main__ - INFO - 🎬 开始用户视频测试
2025-09-09 00:50:15,844 - __main__ - INFO - 🔧 正在验证系统配置...
2025-09-09 00:50:15,855 - __main__ - INFO - ✅ 环境配置验证通过
2025-09-09 00:50:15,855 - __main__ - INFO - 🎬 开始测试用户提供的YouTube视频
2025-09-09 00:50:15,855 - __main__ - INFO - 📺 视频链接: https://www.youtube.com/watch?v=wOxA4x2f6jg
2025-09-09 00:50:15,864 - aliyun_video_service - INFO - 阿里云视频服务初始化完成，临时目录: /var/folders/2b/y40mjr4136q28vlkbjl3jpym0000gn/T/aliyun_video_service
2025-09-09 00:50:15,936 - openai_speech_service - INFO - OpenAI Whisper语音服务初始化成功
2025-09-09 00:50:16,063 - aliyun_oss_service - INFO - 阿里云OSS服务初始化成功，Bucket: yt-summerizer-aliyun
2025-09-09 00:50:16,063 - aliyun_video_pipeline - INFO - 阿里云视频处理管道初始化完成（使用OpenAI语音服务）
2025-09-09 00:50:16,063 - __main__ - INFO - 🚀 开始完整的视频处理流程...
2025-09-09 00:50:16,063 - __main__ - INFO - ============================================================
2025-09-09 00:50:16,063 - __main__ - INFO - 📊 [0.0s] 开始处理视频...
2025-09-09 00:50:16,063 - __main__ - INFO - 📊 [0.0s] 处理视频文件和提取关键帧...
2025-09-09 00:50:16,064 - aliyun_video_service - INFO - 开始处理视频，ID: 3309d30b-4d81-4099-954d-d12440c4932d
2025-09-09 00:50:16,064 - aliyun_video_service - INFO - 从YouTube下载视频: https://www.youtube.com/watch?v=wOxA4x2f6jg
2025-09-09 00:50:16,064 - aliyun_video_service - INFO - 提取YouTube视频metadata...
2025-09-09 00:50:23,897 - aliyun_video_service - INFO - 成功获取metadata: Honest review: Qoder: New AI IDE - Free Cursor Alternative
2025-09-09 00:50:23,897 - aliyun_video_service - INFO - 开始下载YouTube视频...
